// Jest Snapshot v1, https://goo.gl/fbAQLP

exports[`on error returns error data 1`] = `
Object {
  "data": undefined,
  "error": [CombinedError: [Network] ],
  "extensions": undefined,
  "operation": Object {
    "context": Object {
      "fetchOptions": Object {
        "method": "POST",
      },
      "requestPolicy": "cache-first",
      "url": "http://localhost:3000/graphql",
    },
    "key": 2,
    "operationName": "query",
    "query": Object {
      "definitions": Array [
        Object {
          "directives": Array [],
          "kind": "OperationDefinition",
          "name": Object {
            "kind": "Name",
            "value": "getUser",
          },
          "operation": "query",
          "selectionSet": Object {
            "kind": "SelectionSet",
            "selections": Array [
              Object {
                "alias": undefined,
                "arguments": Array [
                  Object {
                    "kind": "Argument",
                    "name": Object {
                      "kind": "Name",
                      "value": "name",
                    },
                    "value": Object {
                      "kind": "Variable",
                      "name": Object {
                        "kind": "Name",
                        "value": "name",
                      },
                    },
                  },
                ],
                "directives": Array [],
                "kind": "Field",
                "name": Object {
                  "kind": "Name",
                  "value": "user",
                },
                "selectionSet": Object {
                  "kind": "SelectionSet",
                  "selections": Array [
                    Object {
                      "alias": undefined,
                      "arguments": Array [],
                      "directives": Array [],
                      "kind": "Field",
                      "name": Object {
                        "kind": "Name",
                        "value": "id",
                      },
                      "selectionSet": undefined,
                    },
                    Object {
                      "alias": undefined,
                      "arguments": Array [],
                      "directives": Array [],
                      "kind": "Field",
                      "name": Object {
                        "kind": "Name",
                        "value": "firstName",
                      },
                      "selectionSet": undefined,
                    },
                    Object {
                      "alias": undefined,
                      "arguments": Array [],
                      "directives": Array [],
                      "kind": "Field",
                      "name": Object {
                        "kind": "Name",
                        "value": "lastName",
                      },
                      "selectionSet": undefined,
                    },
                  ],
                },
              },
            ],
          },
          "variableDefinitions": Array [
            Object {
              "defaultValue": undefined,
              "directives": Array [],
              "kind": "VariableDefinition",
              "type": Object {
                "kind": "NamedType",
                "name": Object {
                  "kind": "Name",
                  "value": "String",
                },
              },
              "variable": Object {
                "kind": "Variable",
                "name": Object {
                  "kind": "Name",
                  "value": "name",
                },
              },
            },
          ],
        },
      ],
      "kind": "Document",
      "loc": Object {
        "end": 124,
        "start": 0,
      },
    },
    "variables": Object {
      "name": "Clara",
    },
  },
}
`;

exports[`on error returns error data with status 400 and manual redirect mode 1`] = `
Object {
  "data": undefined,
  "error": [CombinedError: [Network] ],
  "extensions": undefined,
  "operation": Object {
    "context": Object {
      "fetchOptions": [MockFunction] {
        "calls": Array [
          Array [],
        ],
        "results": Array [
          Object {
            "type": "return",
            "value": Object {
              "redirect": "manual",
            },
          },
        ],
      },
      "requestPolicy": "cache-first",
      "url": "http://localhost:3000/graphql",
    },
    "key": 2,
    "operationName": "query",
    "query": Object {
      "definitions": Array [
        Object {
          "directives": Array [],
          "kind": "OperationDefinition",
          "name": Object {
            "kind": "Name",
            "value": "getUser",
          },
          "operation": "query",
          "selectionSet": Object {
            "kind": "SelectionSet",
            "selections": Array [
              Object {
                "alias": undefined,
                "arguments": Array [
                  Object {
                    "kind": "Argument",
                    "name": Object {
                      "kind": "Name",
                      "value": "name",
                    },
                    "value": Object {
                      "kind": "Variable",
                      "name": Object {
                        "kind": "Name",
                        "value": "name",
                      },
                    },
                  },
                ],
                "directives": Array [],
                "kind": "Field",
                "name": Object {
                  "kind": "Name",
                  "value": "user",
                },
                "selectionSet": Object {
                  "kind": "SelectionSet",
                  "selections": Array [
                    Object {
                      "alias": undefined,
                      "arguments": Array [],
                      "directives": Array [],
                      "kind": "Field",
                      "name": Object {
                        "kind": "Name",
                        "value": "id",
                      },
                      "selectionSet": undefined,
                    },
                    Object {
                      "alias": undefined,
                      "arguments": Array [],
                      "directives": Array [],
                      "kind": "Field",
                      "name": Object {
                        "kind": "Name",
                        "value": "firstName",
                      },
                      "selectionSet": undefined,
                    },
                    Object {
                      "alias": undefined,
                      "arguments": Array [],
                      "directives": Array [],
                      "kind": "Field",
                      "name": Object {
                        "kind": "Name",
                        "value": "lastName",
                      },
                      "selectionSet": undefined,
                    },
                  ],
                },
              },
            ],
          },
          "variableDefinitions": Array [
            Object {
              "defaultValue": undefined,
              "directives": Array [],
              "kind": "VariableDefinition",
              "type": Object {
                "kind": "NamedType",
                "name": Object {
                  "kind": "Name",
                  "value": "String",
                },
              },
              "variable": Object {
                "kind": "Variable",
                "name": Object {
                  "kind": "Name",
                  "value": "name",
                },
              },
            },
          ],
        },
      ],
      "kind": "Document",
      "loc": Object {
        "end": 124,
        "start": 0,
      },
    },
    "variables": Object {
      "name": "Clara",
    },
  },
}
`;

exports[`on success returns response data 1`] = `
Object {
  "data": Object {
    "data": Object {
      "user": 1200,
    },
  },
  "error": undefined,
  "extensions": undefined,
  "operation": Object {
    "context": Object {
      "fetchOptions": [MockFunction] {
        "calls": Array [
          Array [],
        ],
        "results": Array [
          Object {
            "type": "return",
            "value": Object {},
          },
        ],
      },
      "requestPolicy": "cache-first",
      "url": "http://localhost:3000/graphql",
    },
    "key": 2,
    "operationName": "query",
    "query": Object {
      "definitions": Array [
        Object {
          "directives": Array [],
          "kind": "OperationDefinition",
          "name": Object {
            "kind": "Name",
            "value": "getUser",
          },
          "operation": "query",
          "selectionSet": Object {
            "kind": "SelectionSet",
            "selections": Array [
              Object {
                "alias": undefined,
                "arguments": Array [
                  Object {
                    "kind": "Argument",
                    "name": Object {
                      "kind": "Name",
                      "value": "name",
                    },
                    "value": Object {
                      "kind": "Variable",
                      "name": Object {
                        "kind": "Name",
                        "value": "name",
                      },
                    },
                  },
                ],
                "directives": Array [],
                "kind": "Field",
                "name": Object {
                  "kind": "Name",
                  "value": "user",
                },
                "selectionSet": Object {
                  "kind": "SelectionSet",
                  "selections": Array [
                    Object {
                      "alias": undefined,
                      "arguments": Array [],
                      "directives": Array [],
                      "kind": "Field",
                      "name": Object {
                        "kind": "Name",
                        "value": "id",
                      },
                      "selectionSet": undefined,
                    },
                    Object {
                      "alias": undefined,
                      "arguments": Array [],
                      "directives": Array [],
                      "kind": "Field",
                      "name": Object {
                        "kind": "Name",
                        "value": "firstName",
                      },
                      "selectionSet": undefined,
                    },
                    Object {
                      "alias": undefined,
                      "arguments": Array [],
                      "directives": Array [],
                      "kind": "Field",
                      "name": Object {
                        "kind": "Name",
                        "value": "lastName",
                      },
                      "selectionSet": undefined,
                    },
                  ],
                },
              },
            ],
          },
          "variableDefinitions": Array [
            Object {
              "defaultValue": undefined,
              "directives": Array [],
              "kind": "VariableDefinition",
              "type": Object {
                "kind": "NamedType",
                "name": Object {
                  "kind": "Name",
                  "value": "String",
                },
              },
              "variable": Object {
                "kind": "Variable",
                "name": Object {
                  "kind": "Name",
                  "value": "name",
                },
              },
            },
          ],
        },
      ],
      "kind": "Document",
      "loc": Object {
        "end": 124,
        "start": 0,
      },
    },
    "variables": Object {
      "name": "Clara",
    },
  },
}
`;

exports[`on success returns response data 2`] = `"{\\"query\\":\\"query getUser($name: String) {\\\\n  user(name: $name) {\\\\n    id\\\\n    firstName\\\\n    lastName\\\\n  }\\\\n}\\\\n\\",\\"operationName\\":\\"getUser\\",\\"variables\\":{\\"name\\":\\"Clara\\"}}"`;

exports[`on success uses a file when given 1`] = `
Object {
  "data": Object {
    "data": Object {
      "user": 1200,
    },
  },
  "error": undefined,
  "extensions": undefined,
  "operation": Object {
    "context": Object {
      "fetchOptions": [MockFunction] {
        "calls": Array [
          Array [],
        ],
        "results": Array [
          Object {
            "type": "return",
            "value": Object {},
          },
        ],
      },
      "requestPolicy": "cache-first",
      "url": "http://localhost:3000/graphql",
    },
    "key": 3,
    "operationName": "mutation",
    "query": Object {
      "definitions": Array [
        Object {
          "directives": Array [],
          "kind": "OperationDefinition",
          "name": Object {
            "kind": "Name",
            "value": "uploadProfilePicture",
          },
          "operation": "mutation",
          "selectionSet": Object {
            "kind": "SelectionSet",
            "selections": Array [
              Object {
                "alias": undefined,
                "arguments": Array [
                  Object {
                    "kind": "Argument",
                    "name": Object {
                      "kind": "Name",
                      "value": "picture",
                    },
                    "value": Object {
                      "kind": "Variable",
                      "name": Object {
                        "kind": "Name",
                        "value": "picture",
                      },
                    },
                  },
                ],
                "directives": Array [],
                "kind": "Field",
                "name": Object {
                  "kind": "Name",
                  "value": "uploadProfilePicture",
                },
                "selectionSet": Object {
                  "kind": "SelectionSet",
                  "selections": Array [
                    Object {
                      "alias": undefined,
                      "arguments": Array [],
                      "directives": Array [],
                      "kind": "Field",
                      "name": Object {
                        "kind": "Name",
                        "value": "location",
                      },
                      "selectionSet": undefined,
                    },
                  ],
                },
              },
            ],
          },
          "variableDefinitions": Array [
            Object {
              "defaultValue": undefined,
              "directives": Array [],
              "kind": "VariableDefinition",
              "type": Object {
                "kind": "NamedType",
                "name": Object {
                  "kind": "Name",
                  "value": "File",
                },
              },
              "variable": Object {
                "kind": "Variable",
                "name": Object {
                  "kind": "Name",
                  "value": "picture",
                },
              },
            },
          ],
        },
      ],
      "kind": "Document",
      "loc": Object {
        "end": 134,
        "start": 0,
      },
    },
    "variables": Object {
      "picture": File {},
    },
  },
}
`;

exports[`on success uses a file when given 2`] = `Headers {}`;

exports[`on success uses a file when given 3`] = `FormData {}`;

exports[`on success uses multiple files when given 1`] = `
Object {
  "data": Object {
    "data": Object {
      "user": 1200,
    },
  },
  "error": undefined,
  "extensions": undefined,
  "operation": Object {
    "context": Object {
      "fetchOptions": [MockFunction] {
        "calls": Array [
          Array [],
        ],
        "results": Array [
          Object {
            "type": "return",
            "value": Object {},
          },
        ],
      },
      "requestPolicy": "cache-first",
      "url": "http://localhost:3000/graphql",
    },
    "key": 3,
    "operationName": "mutation",
    "query": Object {
      "definitions": Array [
        Object {
          "directives": Array [],
          "kind": "OperationDefinition",
          "name": Object {
            "kind": "Name",
            "value": "uploadProfilePictures",
          },
          "operation": "mutation",
          "selectionSet": Object {
            "kind": "SelectionSet",
            "selections": Array [
              Object {
                "alias": undefined,
                "arguments": Array [
                  Object {
                    "kind": "Argument",
                    "name": Object {
                      "kind": "Name",
                      "value": "pictures",
                    },
                    "value": Object {
                      "kind": "Variable",
                      "name": Object {
                        "kind": "Name",
                        "value": "pictures",
                      },
                    },
                  },
                ],
                "directives": Array [],
                "kind": "Field",
                "name": Object {
                  "kind": "Name",
                  "value": "uploadProfilePicture",
                },
                "selectionSet": Object {
                  "kind": "SelectionSet",
                  "selections": Array [
                    Object {
                      "alias": undefined,
                      "arguments": Array [],
                      "directives": Array [],
                      "kind": "Field",
                      "name": Object {
                        "kind": "Name",
                        "value": "location",
                      },
                      "selectionSet": undefined,
                    },
                  ],
                },
              },
            ],
          },
          "variableDefinitions": Array [
            Object {
              "defaultValue": undefined,
              "directives": Array [],
              "kind": "VariableDefinition",
              "type": Object {
                "kind": "ListType",
                "type": Object {
                  "kind": "NamedType",
                  "name": Object {
                    "kind": "Name",
                    "value": "File",
                  },
                },
              },
              "variable": Object {
                "kind": "Variable",
                "name": Object {
                  "kind": "Name",
                  "value": "pictures",
                },
              },
            },
          ],
        },
      ],
      "kind": "Document",
      "loc": Object {
        "end": 140,
        "start": 0,
      },
    },
    "variables": Object {
      "picture": Array [
        File {},
        File {},
      ],
    },
  },
}
`;

exports[`on success uses multiple files when given 2`] = `Headers {}`;

exports[`on success uses multiple files when given 3`] = `FormData {}`;
